<?xml version="1.0" encoding="utf-8"?>
<TestRun id="51359934-f490-46e3-b4e4-a156867803c2" name="MUNIRHUSSAIN@MUNIRHUSSSAIN 2022-10-15 12:17:20" runUser="MUNIRHUSSSAIN\MUNIRHUSSAIN" xmlns="http://microsoft.com/schemas/VisualStudio/TeamTest/2010">
  <Times creation="2022-10-15T12:17:20.0924865-07:00" queuing="2022-10-15T12:17:20.0924865-07:00" start="2022-10-15T12:15:53.6523265-07:00" finish="2022-10-15T12:33:35.8270081-07:00" />
  <TestSettings name="default" id="b8ecaedf-97b8-4fe5-b64e-c4e7cd69a33a">
    <Deployment runDeploymentRoot="MUNIRHUSSAIN_MUNIRHUSSSAIN_2022-10-15_12_17_20" />
  </TestSettings>
  <Results>
    <UnitTestResult executionId="6e27b5cd-d030-445c-9f19-6b2867cddc1d" testId="9550e3dc-6e01-43c4-8f09-a6fbff170d67" testName="ContactValidTC (Data Row 0)" computerName="MUNIRHUSSSAIN" duration="00:01:30.4588584" startTime="2022-10-15T12:27:38.7467002-07:00" endTime="2022-10-15T12:29:09.2103181-07:00" testType="13cdc9d9-ddb5-4fa4-a97d-d965ccfc6d4b" outcome="Passed" testListId="8c84fa94-04c1-424b-9868-57a2d4851a1d" relativeResultsDirectory="6e27b5cd-d030-445c-9f19-6b2867cddc1d" />
    <UnitTestResult executionId="6569fa86-795c-4dca-89ff-d20181705acd" testId="180d58c9-5f2b-4c2b-8817-60ecc81eaf60" testName="InvalidRegisterTC (Data Row 0)" computerName="MUNIRHUSSSAIN" duration="00:00:32.8581873" startTime="2022-10-15T12:19:56.5962242-07:00" endTime="2022-10-15T12:20:29.4607472-07:00" testType="13cdc9d9-ddb5-4fa4-a97d-d965ccfc6d4b" outcome="Failed" testListId="8c84fa94-04c1-424b-9868-57a2d4851a1d" relativeResultsDirectory="6569fa86-795c-4dca-89ff-d20181705acd">
      <Output>
        <ErrorInfo>
          <Message>Test method ServisShoesProject.ServisShoes.Register.RegisterTC.InvalidRegisterTC threw exception: &#xD;
OpenQA.Selenium.ElementClickInterceptedException: element click intercepted: Element &lt;input type="submit" value="Submit" class="shopify-challenge__button btn"&gt; is not clickable at point (674, 333). Other element would receive the click: &lt;iframe title="recaptcha challenge expires in two minutes" src="https://www.recaptcha.net/recaptcha/api2/bframe?hl=en&amp;amp;v=vP4jQKq0YJFzU6e21-BGy3GP&amp;amp;k=6LeoeSkTAAAAAA9rkZs5oS82l69OEYjKRZAiKdaF" name="c-hf0qtfygqjvp" frameborder="0" scrolling="no" sandbox="allow-forms allow-popups allow-same-origin allow-scripts allow-top-navigation allow-modals allow-popups-to-escape-sandbox" style="width: 400px; height: 580px;"&gt;&lt;/iframe&gt;
  (Session info: chrome=106.0.5249.119)</Message>
          <StackTrace>    at OpenQA.Selenium.WebDriver.UnpackAndThrowOnError(Response errorResponse, String commandToExecute)&#xD;
   at OpenQA.Selenium.WebDriver.Execute(String driverCommandToExecute, Dictionary`2 parameters)&#xD;
   at OpenQA.Selenium.WebDriver.InternalExecute(String driverCommandToExecute, Dictionary`2 parameters)&#xD;
   at OpenQA.Selenium.WebElement.Execute(String commandToExecute, Dictionary`2 parameters)&#xD;
   at OpenQA.Selenium.WebElement.Click()&#xD;
   at ServisShoesProject.ServisShoes.Login.Basepage.Click(By by) in C:\Users\MUNIRHUSSAIN\source\repos\munirhussain14922\ServisShoesProject\ServisShoesProject\Basepage.cs:line 61&#xD;
   at ServisShoesProject.ServisShoes.Register.Register.Registerfun(String firstname, String lastname, String regmail, String paswrd) in C:\Users\MUNIRHUSSAIN\source\repos\munirhussain14922\ServisShoesProject\ServisShoesProject\ServisShoes\Register\Register.cs:line 31&#xD;
   at ServisShoesProject.ServisShoes.Register.RegisterTC.InvalidRegisterTC() in C:\Users\MUNIRHUSSAIN\source\repos\munirhussain14922\ServisShoesProject\ServisShoesProject\ServisShoes\Register\RegisterTC.cs:line 111&#xD;
</StackTrace>
        </ErrorInfo>
      </Output>
    </UnitTestResult>
    <UnitTestResult executionId="4893d9d6-3769-4b8a-8665-7ab322f9acce" testId="a056a1cd-b230-4487-9c59-fda72bbd6087" testName="NewsletterWithValid (Data Row 0)" computerName="MUNIRHUSSSAIN" duration="00:01:14.0777370" startTime="2022-10-15T12:20:29.4647442-07:00" endTime="2022-10-15T12:21:43.5614837-07:00" testType="13cdc9d9-ddb5-4fa4-a97d-d965ccfc6d4b" outcome="Passed" testListId="8c84fa94-04c1-424b-9868-57a2d4851a1d" relativeResultsDirectory="4893d9d6-3769-4b8a-8665-7ab322f9acce" />
    <UnitTestResult executionId="8e7c7f16-bc9a-49cc-bac5-fccb14058d66" testId="e0fa5a05-7fb7-4607-a8c5-6521ea2b09bb" testName="SearchWithValid (Data Row 0)" computerName="MUNIRHUSSSAIN" duration="00:00:46.7674423" startTime="2022-10-15T12:18:29.2487290-07:00" endTime="2022-10-15T12:19:17.4464473-07:00" testType="13cdc9d9-ddb5-4fa4-a97d-d965ccfc6d4b" outcome="Passed" testListId="8c84fa94-04c1-424b-9868-57a2d4851a1d" relativeResultsDirectory="8e7c7f16-bc9a-49cc-bac5-fccb14058d66" />
    <UnitTestResult executionId="58eab794-9821-4368-a5ce-b21e0a10d23d" testId="cbce988a-1cf8-4ee3-93a3-a744c691584b" testName="InvalidLoginTC (Data Row 0)" computerName="MUNIRHUSSSAIN" duration="00:01:11.4532823" startTime="2022-10-15T12:24:18.2410610-07:00" endTime="2022-10-15T12:25:29.7029275-07:00" testType="13cdc9d9-ddb5-4fa4-a97d-d965ccfc6d4b" outcome="Passed" testListId="8c84fa94-04c1-424b-9868-57a2d4851a1d" relativeResultsDirectory="58eab794-9821-4368-a5ce-b21e0a10d23d" />
    <UnitTestResult executionId="5ec851ba-6d72-4d4e-94ad-269a598a1fb0" testId="99289c1b-39df-4014-a87b-b0d8842fd827" testName="invalidAdtocarttTC (Data Row 0)" computerName="MUNIRHUSSSAIN" duration="00:01:48.5039184" startTime="2022-10-15T12:29:54.6984693-07:00" endTime="2022-10-15T12:31:44.4171929-07:00" testType="13cdc9d9-ddb5-4fa4-a97d-d965ccfc6d4b" outcome="Failed" testListId="8c84fa94-04c1-424b-9868-57a2d4851a1d" relativeResultsDirectory="5ec851ba-6d72-4d4e-94ad-269a598a1fb0">
      <Output>
        <ErrorInfo>
          <Message>Test method ServisShoesProject.ServisShoes.AddtoCart.AddtoCartTC.invalidAdtocarttTC threw exception: &#xD;
OpenQA.Selenium.WebDriverException: The HTTP request to the remote WebDriver server for URL http://localhost:49938/session/f4734ddff8f159e08ff109372fbae278/element timed out after 60 seconds. ---&gt; System.Threading.Tasks.TaskCanceledException: A task was canceled.</Message>
          <StackTrace>    at System.Runtime.CompilerServices.TaskAwaiter.ThrowForNonSuccess(Task task)&#xD;
   at System.Runtime.CompilerServices.TaskAwaiter.HandleNonSuccessAndDebuggerNotification(Task task)&#xD;
   at System.Runtime.CompilerServices.TaskAwaiter`1.GetResult()&#xD;
   at OpenQA.Selenium.Remote.HttpCommandExecutor.&lt;MakeHttpRequest&gt;d__35.MoveNext()&#xD;
--- End of stack trace from previous location where exception was thrown ---&#xD;
   at System.Runtime.CompilerServices.TaskAwaiter.ThrowForNonSuccess(Task task)&#xD;
   at System.Runtime.CompilerServices.TaskAwaiter.HandleNonSuccessAndDebuggerNotification(Task task)&#xD;
   at System.Runtime.CompilerServices.TaskAwaiter`1.GetResult()&#xD;
   at OpenQA.Selenium.Remote.HttpCommandExecutor.Execute(Command commandToExecute)&#xD;
--- End of inner exception stack trace ---&#xD;
    at OpenQA.Selenium.Remote.HttpCommandExecutor.Execute(Command commandToExecute)&#xD;
   at OpenQA.Selenium.Remote.DriverServiceCommandExecutor.Execute(Command commandToExecute)&#xD;
   at OpenQA.Selenium.WebDriver.Execute(String driverCommandToExecute, Dictionary`2 parameters)&#xD;
   at OpenQA.Selenium.WebDriver.FindElement(String mechanism, String value)&#xD;
   at OpenQA.Selenium.By.&lt;.ctor&gt;b__11_0(ISearchContext context)&#xD;
   at OpenQA.Selenium.By.FindElement(ISearchContext context)&#xD;
   at OpenQA.Selenium.WebDriver.FindElement(By by)&#xD;
   at ServisShoesProject.ServisShoes.Login.Basepage.Click(By by) in C:\Users\MUNIRHUSSAIN\source\repos\munirhussain14922\ServisShoesProject\ServisShoesProject\Basepage.cs:line 61&#xD;
   at ServisShoesProject.ServisShoes.AddtoCart.addtocartPage.adtocart(String desc, String citywt, String mail, String faname, String lanme, String Addresss, String aprtment, String postalcode, String phoneno) in C:\Users\MUNIRHUSSAIN\source\repos\munirhussain14922\ServisShoesProject\ServisShoesProject\ServisShoes\AddtoCart\addtocartPage.cs:line 69&#xD;
   at ServisShoesProject.ServisShoes.AddtoCart.AddtoCartTC.invalidAdtocarttTC() in C:\Users\MUNIRHUSSAIN\source\repos\munirhussain14922\ServisShoesProject\ServisShoesProject\ServisShoes\AddtoCart\AddtoCartTC.cs:line 104&#xD;
</StackTrace>
        </ErrorInfo>
      </Output>
    </UnitTestResult>
    <UnitTestResult executionId="5e827016-4275-46b8-ba4d-3cf2de45a433" testId="02166f9f-ee9d-4f33-9b6f-80f1a8ada959" testName="LogoutTC_1 (Data Row 0)" computerName="MUNIRHUSSSAIN" duration="00:00:59.1579497" startTime="2022-10-15T12:22:28.1738270-07:00" endTime="2022-10-15T12:23:27.3353319-07:00" testType="13cdc9d9-ddb5-4fa4-a97d-d965ccfc6d4b" outcome="Passed" testListId="8c84fa94-04c1-424b-9868-57a2d4851a1d" relativeResultsDirectory="5e827016-4275-46b8-ba4d-3cf2de45a433" />
    <UnitTestResult executionId="553cfc52-e4fc-48db-ace6-9a89b164a86f" testId="8b36f3a9-5b62-4c84-ab2e-d24507b849ee" testName="SortingWithFeature" computerName="MUNIRHUSSSAIN" duration="00:01:09.2083474" startTime="2022-10-15T12:17:20.0095386-07:00" endTime="2022-10-15T12:18:29.2467313-07:00" testType="13cdc9d9-ddb5-4fa4-a97d-d965ccfc6d4b" outcome="Passed" testListId="8c84fa94-04c1-424b-9868-57a2d4851a1d" relativeResultsDirectory="553cfc52-e4fc-48db-ace6-9a89b164a86f" />
    <UnitTestResult executionId="c7392137-95fd-4cf7-a85d-844f6d4333a7" testId="371d6998-4cbb-457e-9d9e-cc585706dca7" testName="validAdtocarttTC (Data Row 0)" computerName="MUNIRHUSSSAIN" duration="00:01:39.7332346" startTime="2022-10-15T12:31:44.4181947-07:00" endTime="2022-10-15T12:33:24.4873002-07:00" testType="13cdc9d9-ddb5-4fa4-a97d-d965ccfc6d4b" outcome="Passed" testListId="8c84fa94-04c1-424b-9868-57a2d4851a1d" relativeResultsDirectory="c7392137-95fd-4cf7-a85d-844f6d4333a7" />
    <UnitTestResult executionId="ca0e4424-a9a3-4f7a-8c82-3a0a6772ceb4" testId="7d157932-9132-4dc1-9f98-a2badeff0b1a" testName="Valid_LoginTC (Data Row 0)" computerName="MUNIRHUSSSAIN" duration="00:00:50.8848463" startTime="2022-10-15T12:23:27.3363300-07:00" endTime="2022-10-15T12:24:18.2400601-07:00" testType="13cdc9d9-ddb5-4fa4-a97d-d965ccfc6d4b" outcome="Passed" testListId="8c84fa94-04c1-424b-9868-57a2d4851a1d" relativeResultsDirectory="ca0e4424-a9a3-4f7a-8c82-3a0a6772ceb4" />
    <UnitTestResult executionId="1a4ec845-5a4e-41d2-ad87-b081b64349fc" testId="671a9a80-0a00-434e-86a2-a486bb805e96" testName="ValidforgotPasswordTC (Data Row 0)" computerName="MUNIRHUSSSAIN" duration="00:00:55.2579266" startTime="2022-10-15T12:25:29.7089235-07:00" endTime="2022-10-15T12:26:24.9702133-07:00" testType="13cdc9d9-ddb5-4fa4-a97d-d965ccfc6d4b" outcome="Passed" testListId="8c84fa94-04c1-424b-9868-57a2d4851a1d" relativeResultsDirectory="1a4ec845-5a4e-41d2-ad87-b081b64349fc" />
    <UnitTestResult executionId="258bef22-c83b-454a-9180-bd12fa44bf09" testId="eea6ebbf-2c76-4a97-b3a0-0a0cd36be6c5" testName="InvalidforgotPasswordTC (Data Row 0)" computerName="MUNIRHUSSSAIN" duration="00:01:13.7692952" startTime="2022-10-15T12:26:24.9712137-07:00" endTime="2022-10-15T12:27:38.7467002-07:00" testType="13cdc9d9-ddb5-4fa4-a97d-d965ccfc6d4b" outcome="Passed" testListId="8c84fa94-04c1-424b-9868-57a2d4851a1d" relativeResultsDirectory="258bef22-c83b-454a-9180-bd12fa44bf09" />
    <UnitTestResult executionId="cf8a2709-0de4-4e90-876c-c989e0982d83" testId="d6414830-85d9-427d-bba8-a8fd01c80b23" testName="NewsletterWithInValid (Data Row 0)" computerName="MUNIRHUSSSAIN" duration="00:00:44.5996832" startTime="2022-10-15T12:21:43.5634818-07:00" endTime="2022-10-15T12:22:28.1728284-07:00" testType="13cdc9d9-ddb5-4fa4-a97d-d965ccfc6d4b" outcome="Passed" testListId="8c84fa94-04c1-424b-9868-57a2d4851a1d" relativeResultsDirectory="cf8a2709-0de4-4e90-876c-c989e0982d83" />
    <UnitTestResult executionId="1dc88eb6-f4ee-4055-a6b0-5d49013d9247" testId="67d043e8-0c39-4a30-80e8-fc534da204da" testName="ContactInValidTC (Data Row 0)" computerName="MUNIRHUSSSAIN" duration="00:00:45.4817642" startTime="2022-10-15T12:29:09.2113169-07:00" endTime="2022-10-15T12:29:54.6974683-07:00" testType="13cdc9d9-ddb5-4fa4-a97d-d965ccfc6d4b" outcome="Passed" testListId="8c84fa94-04c1-424b-9868-57a2d4851a1d" relativeResultsDirectory="1dc88eb6-f4ee-4055-a6b0-5d49013d9247" />
    <UnitTestResult executionId="e06a567d-92d6-40ef-bd1b-768f9b0fbb4a" testId="61334368-5473-4897-b883-6f701558700b" testName="WishlistWithValid" computerName="MUNIRHUSSSAIN" duration="00:01:19.6655246" startTime="2022-10-15T12:15:59.9372092-07:00" endTime="2022-10-15T12:17:19.9205624-07:00" testType="13cdc9d9-ddb5-4fa4-a97d-d965ccfc6d4b" outcome="Passed" testListId="8c84fa94-04c1-424b-9868-57a2d4851a1d" relativeResultsDirectory="e06a567d-92d6-40ef-bd1b-768f9b0fbb4a" />
    <UnitTestResult executionId="29c989a4-ceb4-4973-b274-ca639f065fd4" testId="690a6579-ae5f-4a34-bbed-11589994ca2e" testName="ValidRegisterTC (Data Row 0)" computerName="MUNIRHUSSSAIN" duration="00:00:39.1369330" startTime="2022-10-15T12:19:17.4534422-07:00" endTime="2022-10-15T12:19:56.5952223-07:00" testType="13cdc9d9-ddb5-4fa4-a97d-d965ccfc6d4b" outcome="Passed" testListId="8c84fa94-04c1-424b-9868-57a2d4851a1d" relativeResultsDirectory="29c989a4-ceb4-4973-b274-ca639f065fd4" />
  </Results>
  <TestDefinitions>
    <UnitTest name="SortingWithFeature" storage="c:\users\munirhussain\source\repos\munirhussain14922\servisshoesproject\servisshoesproject\bin\debug\servisshoesproject.dll" id="8b36f3a9-5b62-4c84-ab2e-d24507b849ee">
      <Execution id="553cfc52-e4fc-48db-ace6-9a89b164a86f" />
      <TestMethod codeBase="C:\Users\MUNIRHUSSAIN\source\repos\munirhussain14922\ServisShoesProject\ServisShoesProject\bin\Debug\ServisShoesProject.dll" adapterTypeName="executor://mstestadapter/v2" className="ServisShoesProject.ServisShoes.Sroting.SortingTc" name="SortingWithFeature" />
    </UnitTest>
    <UnitTest name="SearchWithValid (Data Row 0)" storage="c:\users\munirhussain\source\repos\munirhussain14922\servisshoesproject\servisshoesproject\bin\debug\servisshoesproject.dll" id="e0fa5a05-7fb7-4607-a8c5-6521ea2b09bb">
      <Execution id="8e7c7f16-bc9a-49cc-bac5-fccb14058d66" />
      <TestMethod codeBase="C:\Users\MUNIRHUSSAIN\source\repos\munirhussain14922\ServisShoesProject\ServisShoesProject\bin\Debug\ServisShoesProject.dll" adapterTypeName="executor://mstestadapter/v2" className="ServisShoesProject.ServisShoes.Search.SearchTC" name="SearchWithValid" />
    </UnitTest>
    <UnitTest name="ValidforgotPasswordTC (Data Row 0)" storage="c:\users\munirhussain\source\repos\munirhussain14922\servisshoesproject\servisshoesproject\bin\debug\servisshoesproject.dll" id="671a9a80-0a00-434e-86a2-a486bb805e96">
      <Execution id="1a4ec845-5a4e-41d2-ad87-b081b64349fc" />
      <TestMethod codeBase="C:\Users\MUNIRHUSSAIN\source\repos\munirhussain14922\ServisShoesProject\ServisShoesProject\bin\Debug\ServisShoesProject.dll" adapterTypeName="executor://mstestadapter/v2" className="ServisShoesProject.ServisShoes.ForgotPassword.ForgotPasswordTC" name="ValidforgotPasswordTC" />
    </UnitTest>
    <UnitTest name="ValidRegisterTC (Data Row 0)" storage="c:\users\munirhussain\source\repos\munirhussain14922\servisshoesproject\servisshoesproject\bin\debug\servisshoesproject.dll" id="690a6579-ae5f-4a34-bbed-11589994ca2e">
      <Execution id="29c989a4-ceb4-4973-b274-ca639f065fd4" />
      <TestMethod codeBase="C:\Users\MUNIRHUSSAIN\source\repos\munirhussain14922\ServisShoesProject\ServisShoesProject\bin\Debug\ServisShoesProject.dll" adapterTypeName="executor://mstestadapter/v2" className="ServisShoesProject.ServisShoes.Register.RegisterTC" name="ValidRegisterTC" />
    </UnitTest>
    <UnitTest name="invalidAdtocarttTC (Data Row 0)" storage="c:\users\munirhussain\source\repos\munirhussain14922\servisshoesproject\servisshoesproject\bin\debug\servisshoesproject.dll" id="99289c1b-39df-4014-a87b-b0d8842fd827">
      <Execution id="5ec851ba-6d72-4d4e-94ad-269a598a1fb0" />
      <TestMethod codeBase="C:\Users\MUNIRHUSSAIN\source\repos\munirhussain14922\ServisShoesProject\ServisShoesProject\bin\Debug\ServisShoesProject.dll" adapterTypeName="executor://mstestadapter/v2" className="ServisShoesProject.ServisShoes.AddtoCart.AddtoCartTC" name="invalidAdtocarttTC" />
    </UnitTest>
    <UnitTest name="ContactInValidTC (Data Row 0)" storage="c:\users\munirhussain\source\repos\munirhussain14922\servisshoesproject\servisshoesproject\bin\debug\servisshoesproject.dll" id="67d043e8-0c39-4a30-80e8-fc534da204da">
      <Execution id="1dc88eb6-f4ee-4055-a6b0-5d49013d9247" />
      <TestMethod codeBase="C:\Users\MUNIRHUSSAIN\source\repos\munirhussain14922\ServisShoesProject\ServisShoesProject\bin\Debug\ServisShoesProject.dll" adapterTypeName="executor://mstestadapter/v2" className="ServisShoesProject.ServisShoes.ContactUs.ContactPageTC" name="ContactInValidTC" />
    </UnitTest>
    <UnitTest name="WishlistWithValid" storage="c:\users\munirhussain\source\repos\munirhussain14922\servisshoesproject\servisshoesproject\bin\debug\servisshoesproject.dll" id="61334368-5473-4897-b883-6f701558700b">
      <Execution id="e06a567d-92d6-40ef-bd1b-768f9b0fbb4a" />
      <TestMethod codeBase="C:\Users\MUNIRHUSSAIN\source\repos\munirhussain14922\ServisShoesProject\ServisShoesProject\bin\Debug\ServisShoesProject.dll" adapterTypeName="executor://mstestadapter/v2" className="ServisShoesProject.ServisShoes.Wishlist.WishlistTC" name="WishlistWithValid" />
    </UnitTest>
    <UnitTest name="NewsletterWithInValid (Data Row 0)" storage="c:\users\munirhussain\source\repos\munirhussain14922\servisshoesproject\servisshoesproject\bin\debug\servisshoesproject.dll" id="d6414830-85d9-427d-bba8-a8fd01c80b23">
      <Execution id="cf8a2709-0de4-4e90-876c-c989e0982d83" />
      <TestMethod codeBase="C:\Users\MUNIRHUSSAIN\source\repos\munirhussain14922\ServisShoesProject\ServisShoesProject\bin\Debug\ServisShoesProject.dll" adapterTypeName="executor://mstestadapter/v2" className="ServisShoesProject.ServisShoes.NewsLetter.NewsletterTC" name="NewsletterWithInValid" />
    </UnitTest>
    <UnitTest name="validAdtocarttTC (Data Row 0)" storage="c:\users\munirhussain\source\repos\munirhussain14922\servisshoesproject\servisshoesproject\bin\debug\servisshoesproject.dll" id="371d6998-4cbb-457e-9d9e-cc585706dca7">
      <Execution id="c7392137-95fd-4cf7-a85d-844f6d4333a7" />
      <TestMethod codeBase="C:\Users\MUNIRHUSSAIN\source\repos\munirhussain14922\ServisShoesProject\ServisShoesProject\bin\Debug\ServisShoesProject.dll" adapterTypeName="executor://mstestadapter/v2" className="ServisShoesProject.ServisShoes.AddtoCart.AddtoCartTC" name="validAdtocarttTC" />
    </UnitTest>
    <UnitTest name="NewsletterWithValid (Data Row 0)" storage="c:\users\munirhussain\source\repos\munirhussain14922\servisshoesproject\servisshoesproject\bin\debug\servisshoesproject.dll" id="a056a1cd-b230-4487-9c59-fda72bbd6087">
      <Execution id="4893d9d6-3769-4b8a-8665-7ab322f9acce" />
      <TestMethod codeBase="C:\Users\MUNIRHUSSAIN\source\repos\munirhussain14922\ServisShoesProject\ServisShoesProject\bin\Debug\ServisShoesProject.dll" adapterTypeName="executor://mstestadapter/v2" className="ServisShoesProject.ServisShoes.NewsLetter.NewsletterTC" name="NewsletterWithValid" />
    </UnitTest>
    <UnitTest name="ContactValidTC (Data Row 0)" storage="c:\users\munirhussain\source\repos\munirhussain14922\servisshoesproject\servisshoesproject\bin\debug\servisshoesproject.dll" id="9550e3dc-6e01-43c4-8f09-a6fbff170d67">
      <Execution id="6e27b5cd-d030-445c-9f19-6b2867cddc1d" />
      <TestMethod codeBase="C:\Users\MUNIRHUSSAIN\source\repos\munirhussain14922\ServisShoesProject\ServisShoesProject\bin\Debug\ServisShoesProject.dll" adapterTypeName="executor://mstestadapter/v2" className="ServisShoesProject.ServisShoes.ContactUs.ContactPageTC" name="ContactValidTC" />
    </UnitTest>
    <UnitTest name="InvalidLoginTC (Data Row 0)" storage="c:\users\munirhussain\source\repos\munirhussain14922\servisshoesproject\servisshoesproject\bin\debug\servisshoesproject.dll" id="cbce988a-1cf8-4ee3-93a3-a744c691584b">
      <Execution id="58eab794-9821-4368-a5ce-b21e0a10d23d" />
      <TestMethod codeBase="C:\Users\MUNIRHUSSAIN\source\repos\munirhussain14922\ServisShoesProject\ServisShoesProject\bin\Debug\ServisShoesProject.dll" adapterTypeName="executor://mstestadapter/v2" className="ServisShoesProject.ServisShoes.Login.LoginTC" name="InvalidLoginTC" />
    </UnitTest>
    <UnitTest name="Valid_LoginTC (Data Row 0)" storage="c:\users\munirhussain\source\repos\munirhussain14922\servisshoesproject\servisshoesproject\bin\debug\servisshoesproject.dll" id="7d157932-9132-4dc1-9f98-a2badeff0b1a">
      <Execution id="ca0e4424-a9a3-4f7a-8c82-3a0a6772ceb4" />
      <TestMethod codeBase="C:\Users\MUNIRHUSSAIN\source\repos\munirhussain14922\ServisShoesProject\ServisShoesProject\bin\Debug\ServisShoesProject.dll" adapterTypeName="executor://mstestadapter/v2" className="ServisShoesProject.ServisShoes.Login.LoginTC" name="Valid_LoginTC" />
    </UnitTest>
    <UnitTest name="InvalidforgotPasswordTC (Data Row 0)" storage="c:\users\munirhussain\source\repos\munirhussain14922\servisshoesproject\servisshoesproject\bin\debug\servisshoesproject.dll" id="eea6ebbf-2c76-4a97-b3a0-0a0cd36be6c5">
      <Execution id="258bef22-c83b-454a-9180-bd12fa44bf09" />
      <TestMethod codeBase="C:\Users\MUNIRHUSSAIN\source\repos\munirhussain14922\ServisShoesProject\ServisShoesProject\bin\Debug\ServisShoesProject.dll" adapterTypeName="executor://mstestadapter/v2" className="ServisShoesProject.ServisShoes.ForgotPassword.ForgotPasswordTC" name="InvalidforgotPasswordTC" />
    </UnitTest>
    <UnitTest name="LogoutTC_1 (Data Row 0)" storage="c:\users\munirhussain\source\repos\munirhussain14922\servisshoesproject\servisshoesproject\bin\debug\servisshoesproject.dll" id="02166f9f-ee9d-4f33-9b6f-80f1a8ada959">
      <Execution id="5e827016-4275-46b8-ba4d-3cf2de45a433" />
      <TestMethod codeBase="C:\Users\MUNIRHUSSAIN\source\repos\munirhussain14922\ServisShoesProject\ServisShoesProject\bin\Debug\ServisShoesProject.dll" adapterTypeName="executor://mstestadapter/v2" className="ServisShoesProject.ServisShoes.Logout.LogoutTC" name="LogoutTC_1" />
    </UnitTest>
    <UnitTest name="InvalidRegisterTC (Data Row 0)" storage="c:\users\munirhussain\source\repos\munirhussain14922\servisshoesproject\servisshoesproject\bin\debug\servisshoesproject.dll" id="180d58c9-5f2b-4c2b-8817-60ecc81eaf60">
      <Execution id="6569fa86-795c-4dca-89ff-d20181705acd" />
      <TestMethod codeBase="C:\Users\MUNIRHUSSAIN\source\repos\munirhussain14922\ServisShoesProject\ServisShoesProject\bin\Debug\ServisShoesProject.dll" adapterTypeName="executor://mstestadapter/v2" className="ServisShoesProject.ServisShoes.Register.RegisterTC" name="InvalidRegisterTC" />
    </UnitTest>
  </TestDefinitions>
  <TestEntries>
    <TestEntry testId="9550e3dc-6e01-43c4-8f09-a6fbff170d67" executionId="6e27b5cd-d030-445c-9f19-6b2867cddc1d" testListId="8c84fa94-04c1-424b-9868-57a2d4851a1d" />
    <TestEntry testId="180d58c9-5f2b-4c2b-8817-60ecc81eaf60" executionId="6569fa86-795c-4dca-89ff-d20181705acd" testListId="8c84fa94-04c1-424b-9868-57a2d4851a1d" />
    <TestEntry testId="a056a1cd-b230-4487-9c59-fda72bbd6087" executionId="4893d9d6-3769-4b8a-8665-7ab322f9acce" testListId="8c84fa94-04c1-424b-9868-57a2d4851a1d" />
    <TestEntry testId="e0fa5a05-7fb7-4607-a8c5-6521ea2b09bb" executionId="8e7c7f16-bc9a-49cc-bac5-fccb14058d66" testListId="8c84fa94-04c1-424b-9868-57a2d4851a1d" />
    <TestEntry testId="cbce988a-1cf8-4ee3-93a3-a744c691584b" executionId="58eab794-9821-4368-a5ce-b21e0a10d23d" testListId="8c84fa94-04c1-424b-9868-57a2d4851a1d" />
    <TestEntry testId="99289c1b-39df-4014-a87b-b0d8842fd827" executionId="5ec851ba-6d72-4d4e-94ad-269a598a1fb0" testListId="8c84fa94-04c1-424b-9868-57a2d4851a1d" />
    <TestEntry testId="02166f9f-ee9d-4f33-9b6f-80f1a8ada959" executionId="5e827016-4275-46b8-ba4d-3cf2de45a433" testListId="8c84fa94-04c1-424b-9868-57a2d4851a1d" />
    <TestEntry testId="8b36f3a9-5b62-4c84-ab2e-d24507b849ee" executionId="553cfc52-e4fc-48db-ace6-9a89b164a86f" testListId="8c84fa94-04c1-424b-9868-57a2d4851a1d" />
    <TestEntry testId="371d6998-4cbb-457e-9d9e-cc585706dca7" executionId="c7392137-95fd-4cf7-a85d-844f6d4333a7" testListId="8c84fa94-04c1-424b-9868-57a2d4851a1d" />
    <TestEntry testId="7d157932-9132-4dc1-9f98-a2badeff0b1a" executionId="ca0e4424-a9a3-4f7a-8c82-3a0a6772ceb4" testListId="8c84fa94-04c1-424b-9868-57a2d4851a1d" />
    <TestEntry testId="671a9a80-0a00-434e-86a2-a486bb805e96" executionId="1a4ec845-5a4e-41d2-ad87-b081b64349fc" testListId="8c84fa94-04c1-424b-9868-57a2d4851a1d" />
    <TestEntry testId="eea6ebbf-2c76-4a97-b3a0-0a0cd36be6c5" executionId="258bef22-c83b-454a-9180-bd12fa44bf09" testListId="8c84fa94-04c1-424b-9868-57a2d4851a1d" />
    <TestEntry testId="d6414830-85d9-427d-bba8-a8fd01c80b23" executionId="cf8a2709-0de4-4e90-876c-c989e0982d83" testListId="8c84fa94-04c1-424b-9868-57a2d4851a1d" />
    <TestEntry testId="67d043e8-0c39-4a30-80e8-fc534da204da" executionId="1dc88eb6-f4ee-4055-a6b0-5d49013d9247" testListId="8c84fa94-04c1-424b-9868-57a2d4851a1d" />
    <TestEntry testId="61334368-5473-4897-b883-6f701558700b" executionId="e06a567d-92d6-40ef-bd1b-768f9b0fbb4a" testListId="8c84fa94-04c1-424b-9868-57a2d4851a1d" />
    <TestEntry testId="690a6579-ae5f-4a34-bbed-11589994ca2e" executionId="29c989a4-ceb4-4973-b274-ca639f065fd4" testListId="8c84fa94-04c1-424b-9868-57a2d4851a1d" />
  </TestEntries>
  <TestLists>
    <TestList name="Results Not in a List" id="8c84fa94-04c1-424b-9868-57a2d4851a1d" />
    <TestList name="All Loaded Results" id="19431567-8539-422a-85d7-44ee4e166bda" />
  </TestLists>
  <ResultSummary outcome="Failed">
    <Counters total="16" executed="16" passed="14" failed="2" error="0" timeout="0" aborted="0" inconclusive="0" passedButRunAborted="0" notRunnable="0" notExecuted="0" disconnected="0" warning="0" completed="0" inProgress="0" pending="0" />
  </ResultSummary>
</TestRun>